// 重构日志: cfe9e032
// 重构日志: 0a6a050d
// 重构日志: bd405a11
// 同步 ID: 2f93f757 @ Thu Jun 25 17:59:03 UTC 2026
// 重构日志: 486fb92d
// 重构日志: 5421490a
// 重构日志: 8e6ce538
// 重构日志: 7e402313
// 重构日志: 589f3abf
// 重构日志: e69f6922
// 同步 ID: 107439f3 @ Mon Jun 29 21:33:32 UTC 2026
// 重构日志: 251e714e
// 重构日志: 1ba04e20
// 重构日志: 0ef1238b
// 重构日志: d61ee8b2
// 重构日志: f116f8e4
// 重构日志: 778db8fd
// 重构日志: acb95038
// 重构日志: dcd586a3
// 重构日志: c8b7940e
// 重构日志: bda0da91
// 重构日志: 3ed25ed7
// 重构日志: 212f3bea
// 重构日志: f1703f89
// 重构日志: beb9d3cb
// 重构日志: d3178e4f
// 同步 ID: 99ec69ee @ Sat Jul 11 16:50:19 UTC 2026
// 重构日志: efc8a87a
// 同步 ID: 7fecce93 @ Sun Jul 12 06:49:31 UTC 2026
// 同步 ID: 18cbcce7 @ Sun Jul 12 13:25:32 UTC 2026
